[DEBUG LAB4]: 	INT	int	1
[DEBUG LAB4]: 	ID	a	1	0x562f50dafec0
[DEBUG LAB4]: 	SEMICOLON	;	1
[DEBUG LAB4]: 	INT	int	3
[DEBUG LAB4]: 	ID	main	3	0x562f50daff24
[DEBUG LAB4]: 	LPAREN	(	3
[DEBUG LAB4]: 	RPAREN	)	3
[DEBUG LAB4]: 	LBRACE	{	4
[DEBUG LAB4]: 	INT	int	5
[DEBUG LAB4]: 	ID	a	5	0x562f50db8b30
[DEBUG LAB4]: 	SEMICOLON	;	5
[DEBUG LAB4]: 	ID	a	6	0x562f50db8b30
[DEBUG LAB4]: 	ASSIGN	=	6
[DEBUG LAB4]: 	DECIMIAL	1	6
[DEBUG LAB4]: 	ADD	+	6
[DEBUG LAB4]: 	DECIMIAL	2	6
[DEBUG LAB4]: 	SEMICOLON	;	6
[DEBUG LAB4]: 	IF	if	7
[DEBUG LAB4]: 	LPAREN	(	7
[DEBUG LAB4]: 	ID	a	7	0x562f50db8b30
[DEBUG LAB4]: 	GREATERorEQUAL	>=	7
[DEBUG LAB4]: 	DECIMIAL	5	7
[DEBUG LAB4]: 	RPAREN	)	7
[DEBUG LAB4]: 	RETURN	return	8
[DEBUG LAB4]: 	DECIMIAL	1	8
[DEBUG LAB4]: 	SEMICOLON	;	8
[DEBUG LAB4]: 	RETURN	return	9
[DEBUG LAB4]: 	DECIMIAL	0	9
[DEBUG LAB4]: 	SEMICOLON	;	9
[DEBUG LAB4]: 	ID	a	10	0x562f50db8b30
[DEBUG LAB4]: 	ASSIGN	=	10
[DEBUG LAB4]: 	OCT	83	10
[DEBUG LAB4]: 	SEMICOLON	;	10
[DEBUG LAB4]: 	ID	a	11	0x562f50db8b30
[DEBUG LAB4]: 	ASSIGN	=	11
[DEBUG LAB4]: 	HEX	4666	11
[DEBUG LAB4]: 	SEMICOLON	;	11
[DEBUG LAB4]: 	ID	a	12	0x562f50db8b30
[DEBUG LAB4]: 	ASSIGN	=	12
[DEBUG LAB4]: 	HEX	4666	12
[DEBUG LAB4]: 	SEMICOLON	;	12
[DEBUG LAB4]: 	RBRACE	}	21
