[DEBUG LAB4]: 	INT	int	3
[DEBUG LAB4]: 	ID	f	3	0x56453d04eec0
[DEBUG LAB4]: 	LPAREN	(	3
[DEBUG LAB4]: 	RPAREN	)	3
[DEBUG LAB4]: 	LBRACE	{	3
[DEBUG LAB4]: 	INT	int	4
[DEBUG LAB4]: 	ID	a	4	0x56453d057b00
[DEBUG LAB4]: 	SEMICOLON	;	4
[DEBUG LAB4]: 	ID	a	5	0x56453d057b00
[DEBUG LAB4]: 	ASSIGN	=	5
[DEBUG LAB4]: 	DECIMIAL	0	5
[DEBUG LAB4]: 	SEMICOLON	;	5
[DEBUG LAB4]: 	WHILE	while	6
[DEBUG LAB4]: 	LPAREN	(	6
[DEBUG LAB4]: 	ID	a	6	0x56453d057b00
[DEBUG LAB4]: 	LESS	<	6
[DEBUG LAB4]: 	DECIMIAL	10	6
[DEBUG LAB4]: 	RPAREN	)	6
[DEBUG LAB4]: 	LBRACE	{	6
[DEBUG LAB4]: 	ID	a	7	0x56453d057b00
[DEBUG LAB4]: 	ASSIGN	=	7
[DEBUG LAB4]: 	ID	a	7	0x56453d057b00
[DEBUG LAB4]: 	MULTI	*	7
[DEBUG LAB4]: 	FloatNUM	2.345	7
[DEBUG LAB4]: 	SEMICOLON	;	7
[DEBUG LAB4]: 	RBRACE	}	8
[DEBUG LAB4]: 	RETURN	return	9
[DEBUG LAB4]: 	ID	a	9	0x56453d057b00
[DEBUG LAB4]: 	SEMICOLON	;	9
[DEBUG LAB4]: 	RBRACE	}	10
[DEBUG LAB4]: 	INT	int	12
[DEBUG LAB4]: 	ID	main	12	0x56453d04ef24
[DEBUG LAB4]: 	LPAREN	(	12
[DEBUG LAB4]: 	RPAREN	)	12
[DEBUG LAB4]: 	LBRACE	{	12
[DEBUG LAB4]: 	FLOAT	float	13
[DEBUG LAB4]: 	ID	_testid	13	0x56453d05cc20
[DEBUG LAB4]: 	SEMICOLON	;	13
[DEBUG LAB4]: 	ID	_testid	14	0x56453d05cc20
[DEBUG LAB4]: 	ASSIGN	=	14
[DEBUG LAB4]: 	DECIMIAL	0	14
[DEBUG LAB4]: 	SEMICOLON	;	14
[DEBUG LAB4]: 	IF	if	15
[DEBUG LAB4]: 	LPAREN	(	15
[DEBUG LAB4]: 	ID	_testid	15	0x56453d05cc20
[DEBUG LAB4]: 	EQUAL	==	15
[DEBUG LAB4]: 	DECIMIAL	0	15
[DEBUG LAB4]: 	RPAREN	)	15
[DEBUG LAB4]: 	LBRACE	{	15
[DEBUG LAB4]: 	INT	int	16
[DEBUG LAB4]: 	ID	_testid	16	0x56453d05f430
[DEBUG LAB4]: 	SEMICOLON	;	16
[DEBUG LAB4]: 	INT	int	17
[DEBUG LAB4]: 	ID	_testid2	17	0x56453d05f494
[DEBUG LAB4]: 	SEMICOLON	;	17
[DEBUG LAB4]: 	ID	_testid1	18	0x56453d05f4f8
[DEBUG LAB4]: 	ASSIGN	=	18
[DEBUG LAB4]: 	ID	_testid1	18	0x56453d05f4f8
[DEBUG LAB4]: 	ADD	+	18
[DEBUG LAB4]: 	DECIMIAL	1	18
[DEBUG LAB4]: 	SEMICOLON	;	18
[DEBUG LAB4]: 	RBRACE	}	19
[DEBUG LAB4]: 	LBRACE	{	23
[DEBUG LAB4]: 	INT	int	24
[DEBUG LAB4]: 	ID	a	24	0x56453d0620c0
[DEBUG LAB4]: 	SEMICOLON	;	24
[DEBUG LAB4]: 	RBRACE	}	25
[DEBUG LAB4]: 	LBRACE	{	26
[DEBUG LAB4]: 	INT	int	27
[DEBUG LAB4]: 	ID	a	27	0x56453d0647f0
[DEBUG LAB4]: 	SEMICOLON	;	27
[DEBUG LAB4]: 	RBRACE	}	28
[DEBUG LAB4]: 	INT	int	29
[DEBUG LAB4]: 	ID	b	29	0x56453d05cc84
[DEBUG LAB4]: 	SEMICOLON	;	29
[DEBUG LAB4]: 	RETURN	return	30
[DEBUG LAB4]: 	DECIMIAL	0	30
[DEBUG LAB4]: 	SEMICOLON	;	30
[DEBUG LAB4]: 	RBRACE	}	31
